bash-3.2$ ./cmesh 4 1 5 10000 0
Simulation starting!
****************BEGIN SIMULATION***************
MAXIMUM SIZE = 16
Packet Size = 4
Network Load = 0.15
Bernoulli Rate = 0.0375
Cycles to be simulated = 10000

***********CMESH***********
Maximum number of nodes 16
Maximum number of Routers 16
Radix of the network 7
Uniform Traffic Distribution
current_router = 14
current_router = 1
current_router = 13
current_router = 9
current_router = 14
current_router = 6
current_router = 10
current_router = 14
Bus error: 10
bash-3.2$ ./cmesh 4 1 5 10000 0
Simulation starting!
****************BEGIN SIMULATION***************
MAXIMUM SIZE = 16
Packet Size = 4
Network Load = 0.15
Bernoulli Rate = 0.0375
Cycles to be simulated = 10000

***********CMESH***********
Maximum number of nodes 16
Maximum number of Routers 16
Radix of the network 7
Uniform Traffic Distribution
current_router = 14
current_router = 1
current_router = 13
current_router = 9
current_router = 14
current_router = 6
current_router = 10
current_router = 14
Bus error: 10
bash-3.2$ ./cmesh 4 1 5 10000 0
Simulation starting!
****************BEGIN SIMULATION***************
MAXIMUM SIZE = 16
Packet Size = 4
Network Load = 0.15
Bernoulli Rate = 0.0375
Cycles to be simulated = 10000

***********CMESH***********
Maximum number of nodes 16
Maximum number of Routers 16
Radix of the network 7
Uniform Traffic Distribution
current_router = 14
current_router = 1
current_router = 13
current_router = 9
current_router = 14
current_router = 6
current_router = 10
current_router = 14
Segmentation fault: 11
bash-3.2$ ./cmesh 4 1 5 10000 0
Simulation starting!
****************BEGIN SIMULATION***************
MAXIMUM SIZE = 16
Packet Size = 4
Network Load = 0.15
Bernoulli Rate = 0.0375
Cycles to be simulated = 10000

***********CMESH***********
Maximum number of nodes 16
Maximum number of Routers 16
Radix of the network 7
Uniform Traffic Distribution
current_router = 14
current_router = 1
current_router = 13
current_router = 9
current_router = 14
current_router = 6
current_router = 10
current_router = 14
Bus error: 10
bash-3.2$ ./cmesh 4 1 5 10000 0
Simulation starting!
****************BEGIN SIMULATION***************
MAXIMUM SIZE = 16
Packet Size = 4
Network Load = 0.15
Bernoulli Rate = 0.0375
Cycles to be simulated = 10000

***********CMESH***********
Maximum number of nodes 16
Maximum number of Routers 16
Radix of the network 7
Uniform Traffic Distribution
current_router = 14
current_router = 1
current_router = 13
current_router = 9
current_router = 14
current_router = 6
current_router = 10
current_router = 14
Bus error: 10
bash-3.2$ ./cmesh 4 1 5 10000 0
Simulation starting!
****************BEGIN SIMULATION***************
MAXIMUM SIZE = 16
Packet Size = 4
Network Load = 0.15
Bernoulli Rate = 0.0375
Cycles to be simulated = 10000

***********CMESH***********
Maximum number of nodes 16
Maximum number of Routers 16
Radix of the network 7
Uniform Traffic Distribution
current_router = 14
current_router = 1
current_router = 13
current_router = 9
current_router = 14
current_router = 6
current_router = 10
current_router = 14
Bus error: 10
bash-3.2$ ./cmesh 4 1 5 10000 0
Simulation starting!
****************BEGIN SIMULATION***************
MAXIMUM SIZE = 16
Packet Size = 4
Network Load = 0.15
Bernoulli Rate = 0.0375
Cycles to be simulated = 10000

***********CMESH***********
Maximum number of nodes 16
Maximum number of Routers 16
Radix of the network 7
Uniform Traffic Distribution
current_router = 14
current_router = 1
current_router = 13
current_router = 9
current_router = 14
current_router = 6
current_router = 10
current_router = 14
Bus error: 10
bash-3.2$ ./cmesh 4 1 5 10000 0
Simulation starting!
****************BEGIN SIMULATION***************
MAXIMUM SIZE = 16
Packet Size = 4
Network Load = 0.15
Bernoulli Rate = 0.0375
Cycles to be simulated = 10000

***********CMESH***********
Maximum number of nodes 16
Maximum number of Routers 16
Radix of the network 7
Uniform Traffic Distribution
current_router = 14
current_router = 1
current_router = 13
current_router = 9
current_router = 14
current_router = 6
current_router = 10
current_router = 14
Bus error: 10
bash-3.2$ ./cmesh 4 1 5 10000 0
Simulation starting!
****************BEGIN SIMULATION***************
MAXIMUM SIZE = 16
Packet Size = 4
Network Load = 0.15
Bernoulli Rate = 0.0375
Cycles to be simulated = 10000

***********CMESH***********
Maximum number of nodes 16
Maximum number of Routers 16
Radix of the network 7
Uniform Traffic Distribution
current_router = 14
current_router = 1
current_router = 13
current_router = 9
current_router = 14
current_router = 6
current_router = 10
current_router = 14
Bus error: 10
bash-3.2$ ./cmesh 4 1 5 10000 0
Simulation starting!
****************BEGIN SIMULATION***************
MAXIMUM SIZE = 16
Packet Size = 4
Network Load = 0.15
Bernoulli Rate = 0.0375
Cycles to be simulated = 10000

***********CMESH***********
Maximum number of nodes 16
Maximum number of Routers 16
Radix of the network 7
Uniform Traffic Distribution
current_router = 14
current_router = 1
current_router = 13
current_router = 9
current_router = 14
current_router = 6
current_router = 10
current_router = 14
Segmentation fault: 11
bash-3.2$ 
